### FULL TILE S30W065 slice 648:972 on 64 vCPU ###
start 06:08:17
bbox          (-65.0, -35.0, -60.0, -30.0)
grid          EPSG:4326 @ 1/3600 deg
raster        18000 x 18000 px  (324 Mpx)
shards        1296  of 512x512 px (36 x 36)
concurrency   64 shard slots x 4 read threads = 256 threads on 64 cores
scenes        3910 in 37.9s
slice         shards[648:972] -> 324 of 1296 planned
shards        324 with data, scenes/shard min 176 p50 528 max 725
worst shard   0.71 GiB, 45.3 GiB across 64 slots

dashboard     http://127.0.0.1:35851
submitted     324 shards in 92.4s
    25/324    13.5s   0.54s/shard  client RSS 3.6 GiB
    50/324    26.7s   0.53s/shard  client RSS 3.7 GiB
    75/324    38.9s   0.52s/shard  client RSS 4.0 GiB
   100/324    56.8s   0.57s/shard  client RSS 4.1 GiB
   125/324    74.6s   0.60s/shard  client RSS 4.2 GiB
   150/324   101.3s   0.68s/shard  client RSS 4.4 GiB
   175/324   115.2s   0.66s/shard  client RSS 4.6 GiB
   200/324   138.0s   0.69s/shard  client RSS 4.7 GiB
   225/324   174.1s   0.77s/shard  client RSS 4.9 GiB
   250/324   205.5s   0.82s/shard  client RSS 5.1 GiB
   275/324   237.6s   0.86s/shard  client RSS 5.1 GiB
   300/324   257.9s   0.86s/shard  client RSS 5.4 GiB
   324/324   284.6s   0.88s/shard  client RSS 5.4 GiB

LST p95       min -40.4 C  mean 46.1 C  max 84.3 C  (25.6% valid)
compute       284.6s for 324 shards (0.88s each)
client RSS    5.44 GiB peak
qa_count      Jan 4.4  Feb 3.2  Mar 4.1  Apr 3.0  May 3.5  Jun 3.0  Jul 3.0  Aug 3.6  Sep 3.5  Oct 3.5  Nov 3.3  Dec 4.3
part written  part/part-000.npz (324 shards)
artifacts     /home/ubuntu/part
exit=0 slice2
end 06:16:59
SLICE DONE
