host          nissim-Laptop-16-AMD-Ryzen-7040-Series  16 cores
cluster       4 workers x 8 threads x 8.0 GiB = 32 GiB total
chunking      read 1024, reduce 256, time 10
out-dir       /home/nissim/Documents/dev/radiant-earth/landsat-lst-smoke/full
raster output disabled: the composite is computed and discarded

bbox          (-60.942796, -34.17645991, -60.138771, -33.54020044)
/home/nissim/.cache/uv/environments-v2/profile-lst-p95-8c32aa225ce29755/lib/python3.12/site-packages/rasterio/warp.py:390: NotGeoreferencedWarning: Dataset has no geotransform, gcps, or rpcs. The identity matrix will be returned.
  dest = _reproject(
/home/nissim/.cache/uv/environments-v2/profile-lst-p95-8c32aa225ce29755/lib/python3.12/site-packages/rasterio/warp.py:390: NotGeoreferencedWarning: Dataset has no geotransform, gcps, or rpcs. The identity matrix will be returned.
  dest = _reproject(
/home/nissim/.cache/uv/environments-v2/profile-lst-p95-8c32aa225ce29755/lib/python3.12/site-packages/rasterio/warp.py:390: NotGeoreferencedWarning: Dataset has no geotransform, gcps, or rpcs. The identity matrix will be returned.
  dest = _reproject(
/home/nissim/.cache/uv/environments-v2/profile-lst-p95-8c32aa225ce29755/lib/python3.12/site-packages/rasterio/warp.py:390: NotGeoreferencedWarning: Dataset has no geotransform, gcps, or rpcs. The identity matrix will be returned.
  dest = _reproject(
/home/nissim/.cache/uv/environments-v2/profile-lst-p95-8c32aa225ce29755/lib/python3.12/site-packages/rasterio/warp.py:390: NotGeoreferencedWarning: Dataset has no geotransform, gcps, or rpcs. The identity matrix will be returned.
  dest = _reproject(
Aborting load due to failure while reading: https://landsateuwest.blob.core.windows.net/landsat-c2/level-2/standard/oli-tirs/2022/227/084/LC09_L2SP_227084_20220606_20220608_02_T1/LC09_L2SP_227084_20220606_20220608_02_T1_ST_B10.TIF?<REDACTED-SAS-TOKEN>:1
[2m2026-09-08T15:21:26.871474Z[0m [31mERROR[0m [2mexecution[0m[2m:[0m Task ('lwir11-15a2104e9006fa6b7c83bffc667bee5e', 62, 0, 0) failed:
rasterio._err.CPLE_AppDefinedError: TIFFFillTile:Read error at row 4294967295, col 4294967295, tile 26; got 0 bytes, expected 149

The above exception was the direct cause of the following exception:

rasterio._err.CPLE_AppDefinedError: TIFFReadEncodedTile() failed.

The above exception was the direct cause of the following exception:

Traceback (most recent call last):
  File "rasterio/_warp.pyx", line 660, in rasterio._warp._reproject
  File "rasterio/_warp.pyx", line 660, in rasterio._warp._reproject
  File "rasterio/_warp.pyx", line 668, in rasterio._warp._reproject
  File "rasterio/_err.pyx", line 325, in rasterio._err.StackChecker.exc_wrap_int
rasterio._err.CPLE_AppDefinedError: e3eHQ0LrZI%3D, band 1: IReadBlock failed at X offset 26, Y offset 0: TIFFReadEncodedTile() failed.

The above exception was the direct cause of the following exception:

Traceback (most recent call last):
  File "/home/nissim/.cache/uv/environments-v2/profile-lst-p95-8c32aa225ce29755/lib/python3.12/site-packages/frisky/dask.py", line 279, in _execute_dask_task
    return task_obj(values)
           ^^^^^^^^^^^^^^^^
  File "/home/nissim/.cache/uv/environments-v2/profile-lst-p95-8c32aa225ce29755/lib/python3.12/site-packages/dask/_task_spec.py", line 768, in __call__
    return self.func(*new_argspec)
           ^^^^^^^^^^^^^^^^^^^^^^^
  File "/home/nissim/.cache/uv/environments-v2/profile-lst-p95-8c32aa225ce29755/lib/python3.12/site-packages/odc/loader/_builder.py", line 498, in _dask_loader_tyx
    _fill_nd_slice(
  File "/home/nissim/.cache/uv/environments-v2/profile-lst-p95-8c32aa225ce29755/lib/python3.12/site-packages/odc/loader/_builder.py", line 583, in _fill_nd_slice
    return fuse_nd_slices(
           ^^^^^^^^^^^^^^^
  File "/home/nissim/.cache/uv/environments-v2/profile-lst-p95-8c32aa225ce29755/lib/python3.12/site-packages/odc/loader/_builder.py", line 549, in fuse_nd_slices
    for yx_roi, pix in srcs:
  File "/home/nissim/.cache/uv/environments-v2/profile-lst-p95-8c32aa225ce29755/lib/python3.12/site-packages/odc/loader/_builder.py", line 584, in <genexpr>
    (src.read(cfg, dst_gbox, selection=selection) for src in srcs),
     ^^^^^^^^^^^^^^^^^^^^^^^^^^^^^^^^^^^^^^^^^^^^
  File "/home/nissim/.cache/uv/environments-v2/profile-lst-p95-8c32aa225ce29755/lib/python3.12/site-packages/odc/loader/_rio.py", line 140, in read
    return rio_read(self._src, cfg, dst_geobox, dst=dst, selection=selection)
           ^^^^^^^^^^^^^^^^^^^^^^^^^^^^^^^^^^^^^^^^^^^^^^^^^^^^^^^^^^^^^^^^^^
  File "/home/nissim/.cache/uv/environments-v2/profile-lst-p95-8c32aa225ce29755/lib/python3.12/site-packages/odc/loader/_rio.py", line 567, in rio_read
    raise e
  File "/home/nissim/.cache/uv/environments-v2/profile-lst-p95-8c32aa225ce29755/lib/python3.12/site-packages/odc/loader/_rio.py", line 553, in rio_read
    _rio_read(src, cfg, dst_geobox, prep_dst(dst), selection=selection)
  File "/home/nissim/.cache/uv/environments-v2/profile-lst-p95-8c32aa225ce29755/lib/python3.12/site-packages/odc/loader/_rio.py", line 614, in _rio_read
    return _do_read(rasterio.band(rdr, bidx), cfg, dst_geobox, rr, dst=dst)
           ^^^^^^^^^^^^^^^^^^^^^^^^^^^^^^^^^^^^^^^^^^^^^^^^^^^^^^^^^^^^^^^^
  File "/home/nissim/.cache/uv/environments-v2/profile-lst-p95-8c32aa225ce29755/lib/python3.12/site-packages/odc/loader/_rio.py", line 481, in _do_read
    rasterio.warp.reproject(
  File "/home/nissim/.cache/uv/environments-v2/profile-lst-p95-8c32aa225ce29755/lib/python3.12/site-packages/rasterio/env.py", line 411, in wrapper
    return f(*args, **kwds)
           ^^^^^^^^^^^^^^^^
  File "/home/nissim/.cache/uv/environments-v2/profile-lst-p95-8c32aa225ce29755/lib/python3.12/site-packages/rasterio/warp.py", line 390, in reproject
    dest = _reproject(
           ^^^^^^^^^^^
  File "rasterio/_warp.pyx", line 390, in rasterio._warp._reproject
  File "rasterio/_warp.pyx", line 671, in rasterio._warp._reproject
rasterio.errors.WarpOperationError: Chunk and warp failed

[2m2026-09-08T15:21:26.871698Z[0m [31mERROR[0m [2mexecution[0m[2m:[0m Task ('lwir11-15a2104e9006fa6b7c83bffc667bee5e', 62, 0, 0) failed on worker unix:///tmp/user/1000/frisky-sock-kn1jfbi3/worker-3228282-0.sock
dashboard     http://127.0.0.1:34081
scenes        673  {'landsat-9': 261, 'landsat-8': 412}
predicted     0.33 GiB per task x 32 concurrent = 10.5 GiB data + 2.8 GiB worker baseline = 13.3 GiB (budget 32 GiB)

raster        2985 x 2845 px
tasks         180,112 raw, 138,036 fused

computing (this is the stage you care about)...
Traceback (most recent call last):
  File "/home/nissim/Documents/dev/radiant-earth/landsat-lst-smoke/profile_lst_p95.py", line 1113, in <module>
    if execmsg:
         ^^^^^^
  File "/home/nissim/Documents/dev/radiant-earth/landsat-lst-smoke/profile_lst_p95.py", line 985, in main
    args.resolution,
                     
  File "/home/nissim/.cache/uv/environments-v2/profile-lst-p95-8c32aa225ce29755/lib/python3.12/site-packages/frisky/dask.py", line 1974, in _patched_compute
    return _ORIG_COMPUTE(
           ^^^^^^^^^^^^^^
  File "/home/nissim/.cache/uv/environments-v2/profile-lst-p95-8c32aa225ce29755/lib/python3.12/site-packages/dask/base.py", line 769, in compute
    results = schedule(expr, keys, **kwargs)
              ^^^^^^^^^^^^^^^^^^^^^^^^^^^^^^
  File "/home/nissim/.cache/uv/environments-v2/profile-lst-p95-8c32aa225ce29755/lib/python3.12/site-packages/frisky/_dask_config.py", line 92, in _scheduler_dispatch
    return client.get(dsk, keys, **kwargs)
           ^^^^^^^^^^^^^^^^^^^^^^^^^^^^^^^
  File "/home/nissim/.cache/uv/environments-v2/profile-lst-p95-8c32aa225ce29755/lib/python3.12/site-packages/frisky/dask.py", line 645, in get
    results = client.gather(futures)
              ^^^^^^^^^^^^^^^^^^^^^^
rasterio.errors.WarpOperationError: Chunk and warp failed
