########## smoke200 ##########
start 18:12:48
Mem:             123           1         122           0           0         122
host          ip-10-0-31-218  16 cores
source        earth-search  https://earth-search.aws.element84.com/v1
cluster       8 workers x 4 threads x 13.0 GiB = 104 GiB total
chunking      read 2048, reduce 1024, time 50
grid          EPSG:4326 @ 0.000277778 deg
out-dir       /home/ubuntu/qt-smoke200
raster output disabled: the composite is computed and discarded

bbox          (-62.5, -35.0, -60.0, -32.5)
dashboard     http://127.0.0.1:34919
scenes        200  {'landsat-9': 103, 'landsat-8': 97}
predicted     1.56 GiB per task x 32 concurrent = 50.0 GiB data + 5.6 GiB worker baseline = 55.6 GiB (budget 104 GiB)

raster        9000 x 9000 px
tasks         not counted (--no-graph-stats)

computing (this is the stage you care about)...

                                 Stage profile                                  
┏━━━━━━━━━┳━━━━━━━━┳━━━━━━━┳━━━━━━━┳━━━━━━━━┳━━━━━━━━━┳━━━━━━━━┳━━━━━━━━┳━━━━━━┓
┃         ┃        ┃       ┃       ┃    RSS ┃     RSS ┃   tree ┃        ┃      ┃
┃ stage   ┃ wall s ┃ cpu s ┃ cpu % ┃  start ┃   delta ┃   peak ┃ net MB ┃ MB/s ┃
┡━━━━━━━━━╇━━━━━━━━╇━━━━━━━╇━━━━━━━╇━━━━━━━━╇━━━━━━━━━╇━━━━━━━━╇━━━━━━━━╇━━━━━━┩
│ imports │   2.28 │  2.25 │    99 │    73M │   +106M │   192M │      0 │  0.0 │
│ bounda… │   0.00 │  0.00 │    98 │   180M │     +0M │      - │      - │    - │
│ cluste… │   0.63 │  0.02 │     4 │   180M │     +6M │ 1,005M │      0 │  0.0 │
│ stac_s… │  18.09 │  2.88 │    16 │   185M │   +146M │ 1,162M │      2 │  0.1 │
│ sign_a… │   0.00 │  0.00 │    88 │   331M │     +0M │      - │      - │    - │
│ graph_… │   2.83 │  2.83 │   100 │   331M │    +21M │ 1,175M │      0 │  0.0 │
│ graph_… │   0.00 │  0.00 │    77 │   352M │     +0M │      - │      - │    - │
│ compute │ 115.52 │ 12.99 │    11 │   352M │ +1,693M │ 75,53… │  4,802 │ 41.6 │
│ stats   │   1.85 │  1.88 │   102 │ 2,045M │   +694M │ 7,747M │      0 │  0.0 │
│ report  │   8.95 │  9.02 │   101 │ 2,739M │    +53M │ 7,469M │     64 │  7.2 │
│ TOTAL   │ 150.15 │       │       │        │         │        │        │      │
└─────────┴────────┴───────┴───────┴────────┴─────────┴────────┴────────┴──────┘

LST p95       min -27.7 C  mean 40.1 C  max 74.9 C  (100.0% valid)
peak memory   73.77 GiB tree  (3.89 client + 73.33 workers)
throughput    41.6 MB/s mean, 396.1 MB/s peak, 4,802 MB total, 24.0 MB/scene
concurrency   23.1x effective of 32 slots (72% used), 0.58 s/scene
spans         201,540
artifacts     /home/ubuntu/qt-smoke200
exit=0 for smoke200
end 18:15:21
########## full1765 ##########
start 18:15:25
Mem:             123           3         120           0           1         120
host          ip-10-0-31-218  16 cores
source        earth-search  https://earth-search.aws.element84.com/v1
cluster       8 workers x 4 threads x 13.0 GiB = 104 GiB total
chunking      read 2048, reduce 1024, time 50
grid          EPSG:4326 @ 0.000277778 deg
out-dir       /home/ubuntu/qt-full1765
raster output disabled: the composite is computed and discarded

bbox          (-62.5, -35.0, -60.0, -32.5)
